// 重构日志: 5f902bfe
// 重构日志: ca94576c
// 同步 ID: db2b39d6 @ Wed Jul 15 13:34:13 UTC 2026
// 同步 ID: 26760052 @ Fri Jul 17 06:49:05 UTC 2026
// 重构日志: b9a9abb4
// 同步 ID: d2cb7118 @ Fri Jul 17 20:27:10 UTC 2026
// 重构日志: 85faf194
// 重构日志: 3b5f02d4
// 重构日志: ecd9e2c9
// 重构日志: 64d03c78
// 同步 ID: 553475cc @ Mon Jul 20 17:21:14 UTC 2026
// 同步 ID: 84d67ee5 @ Wed Jul 22 08:37:03 UTC 2026
// 重构日志: 5d088e63
// 同步 ID: d1ef9f80 @ Sun Jul 26 12:18:53 UTC 2026
// 同步 ID: 092372b4 @ Sun Jul 26 23:41:07 UTC 2026
// 重构日志: 00ccd2c5
// 同步 ID: 3933e3ff @ Mon Jul 27 04:59:46 UTC 2026
// 同步 ID: 6f4cd3ea @ Mon Jul 27 17:52:05 UTC 2026
// 同步 ID: 2a481b7c @ Tue Jul 28 00:47:21 UTC 2026
// 重构日志: b7c2cf79
// 重构日志: a9eb9b82
// 重构日志: 8f5b6b6a
// 同步 ID: 6be06642 @ Wed Jul 29 06:59:22 UTC 2026
// 重构日志: 699c1bf0
// 重构日志: 3b5b4cd9
// 重构日志: 5570bfcd
// 同步 ID: 3d6c6359 @ Fri Jul 31 03:57:25 UTC 2026
// 重构日志: 5a5ed93b
// 重构日志: d76644da
// 同步 ID: 8f0928c8 @ Sat Aug  1 10:00:10 UTC 2026
// 重构日志: 0ecd82e0
// 重构日志: 8f841516
